// Jest Snapshot v1, https://goo.gl/fbAQLP

exports[`fetchDevelopers() should match snapshot 1`] = `
Array [
  Object {
    "avatar": "https://avatars3.githubusercontent.com/u/2117018",
    "name": "ÊñáÁøº",
    "repo": Object {
      "description": "An extended table to integration with some of the most widely used CSS frameworks. (Supports Bootstrap, Semantic UI, Bulma, Material Design, Foundation, Vue.js)",
      "name": "bootstrap-table",
      "url": "https://github.com/wenzhixin/bootstrap-table",
    },
    "type": "user",
    "url": "https://github.com/wenzhixin",
    "username": "wenzhixin",
  },
  Object {
    "avatar": "https://avatars0.githubusercontent.com/u/349621",
    "name": "XhmikosR",
    "repo": Object {
      "description": "LOOKING FOR DEVELOPERS - Notepad2-mod, a Notepad2 fork, a fast and light-weight Notepad-like text editor with syntax highlighting",
      "name": "notepad2-mod",
      "url": "https://github.com/XhmikosR/notepad2-mod",
    },
    "type": "user",
    "url": "https://github.com/XhmikosR",
    "username": "XhmikosR",
  },
  Object {
    "avatar": "https://avatars2.githubusercontent.com/u/2393781",
    "name": "Yonas Kolb",
    "repo": Object {
      "description": "A Swift command line tool for generating your Xcode project",
      "name": "XcodeGen",
      "url": "https://github.com/yonaskolb/XcodeGen",
    },
    "type": "user",
    "url": "https://github.com/yonaskolb",
    "username": "yonaskolb",
  },
  Object {
    "avatar": "https://avatars1.githubusercontent.com/u/183747",
    "name": "Radek Pietruszewski",
    "repo": Object {
      "description": "Swifty API for NSTimer",
      "name": "SwiftyTimer",
      "url": "https://github.com/radex/SwiftyTimer",
    },
    "type": "user",
    "url": "https://github.com/radex",
    "username": "radex",
  },
  Object {
    "avatar": "https://avatars3.githubusercontent.com/u/125676",
    "name": "Lipis",
    "repo": Object {
      "description": "üéè A collection of all country flags in SVG ‚Äî plus the CSS for easier integration",
      "name": "flag-icon-css",
      "url": "https://github.com/lipis/flag-icon-css",
    },
    "type": "user",
    "url": "https://github.com/lipis",
    "username": "lipis",
  },
  Object {
    "avatar": "https://avatars1.githubusercontent.com/u/1051509",
    "name": "Sara Vieira",
    "repo": Object {
      "description": "Create beautiful and simple HTML pages from your Readme.md files",
      "name": "fiddly",
      "url": "https://github.com/SaraVieira/fiddly",
    },
    "type": "user",
    "url": "https://github.com/SaraVieira",
    "username": "SaraVieira",
  },
  Object {
    "avatar": "https://avatars1.githubusercontent.com/u/1862641",
    "name": "Shay Rojansky",
    "repo": Object {
      "description": "Uses Roslyn to rewrite synchronous C# methods into async counterparts",
      "name": "AsyncRewriter",
      "url": "https://github.com/roji/AsyncRewriter",
    },
    "type": "user",
    "url": "https://github.com/roji",
    "username": "roji",
  },
  Object {
    "avatar": "https://avatars0.githubusercontent.com/u/264608",
    "name": "Alena Varkockova",
    "repo": Object {
      "description": "Gradle plugin for scalafmt",
      "name": "gradle-scalafmt",
      "url": "https://github.com/alenkacz/gradle-scalafmt",
    },
    "type": "user",
    "url": "https://github.com/alenkacz",
    "username": "alenkacz",
  },
  Object {
    "avatar": "https://avatars1.githubusercontent.com/u/661450",
    "name": "Arvid Norberg",
    "repo": Object {
      "description": "an efficient feature complete C++ bittorrent implementation",
      "name": "libtorrent",
      "url": "https://github.com/arvidn/libtorrent",
    },
    "type": "user",
    "url": "https://github.com/arvidn",
    "username": "arvidn",
  },
  Object {
    "avatar": "https://avatars3.githubusercontent.com/u/32407840",
    "name": "Joel Sallow (/u/ta11ow)",
    "repo": Object {
      "description": "A simple, fun, and interactive way to learn the PowerShell language through Pester unit testing.",
      "name": "PSKoans",
      "url": "https://github.com/vexx32/PSKoans",
    },
    "type": "user",
    "url": "https://github.com/vexx32",
    "username": "vexx32",
  },
  Object {
    "avatar": "https://avatars0.githubusercontent.com/u/36162",
    "name": "Martin Linkhorst",
    "repo": Object {
      "description": "chaoskube periodically kills random pods in your Kubernetes cluster.",
      "name": "chaoskube",
      "url": "https://github.com/linki/chaoskube",
    },
    "type": "user",
    "url": "https://github.com/linki",
    "username": "linki",
  },
  Object {
    "avatar": "https://avatars0.githubusercontent.com/u/3465117",
    "name": "James Agnew",
    "repo": Object {
      "description": "HAPI FHIR - Java API for HL7 FHIR Clients and Servers",
      "name": "hapi-fhir",
      "url": "https://github.com/jamesagnew/hapi-fhir",
    },
    "type": "user",
    "url": "https://github.com/jamesagnew",
    "username": "jamesagnew",
  },
  Object {
    "avatar": "https://avatars1.githubusercontent.com/u/4269898",
    "name": "Yuan Tang",
    "repo": Object {
      "description": "Ê∫êÁ†ÅÂÆûÁé∞Ôºö„ÄäTensorFlowÂÆûÊàò„ÄãÈªÑÊñáÂùöÔºåÂîêÊ∫ê Ëëó",
      "name": "tensorflow-in-practice-code",
      "url": "https://github.com/terrytangyuan/tensorflow-in-practice-code",
    },
    "type": "user",
    "url": "https://github.com/terrytangyuan",
    "username": "terrytangyuan",
  },
  Object {
    "avatar": "https://avatars3.githubusercontent.com/u/469983",
    "name": "Bj√∂rn Gr√ºning",
    "repo": Object {
      "description": "üê≥üìäüìö Docker Images tracking the stable Galaxy releases.",
      "name": "docker-galaxy-stable",
      "url": "https://github.com/bgruening/docker-galaxy-stable",
    },
    "type": "user",
    "url": "https://github.com/bgruening",
    "username": "bgruening",
  },
  Object {
    "avatar": "https://avatars2.githubusercontent.com/u/284934",
    "name": "Michiel Borkent",
    "repo": Object {
      "description": "A linter for Clojure code that sparks joy.",
      "name": "clj-kondo",
      "url": "https://github.com/borkdude/clj-kondo",
    },
    "type": "user",
    "url": "https://github.com/borkdude",
    "username": "borkdude",
  },
  Object {
    "avatar": "https://avatars0.githubusercontent.com/u/862914",
    "name": "Jeremy Long",
    "repo": Object {
      "description": "OWASP dependency-check is a software composition analysis utility that detects publicly disclosed vulnerabilities in application dependencies.",
      "name": "DependencyCheck",
      "url": "https://github.com/jeremylong/DependencyCheck",
    },
    "type": "user",
    "url": "https://github.com/jeremylong",
    "username": "jeremylong",
  },
  Object {
    "avatar": "https://avatars3.githubusercontent.com/u/1676321",
    "name": "James Montemagno",
    "repo": Object {
      "description": "Cross platform xamarin and windows plugins for PCLs",
      "name": "Xamarin.Plugins",
      "url": "https://github.com/jamesmontemagno/Xamarin.Plugins",
    },
    "type": "user",
    "url": "https://github.com/jamesmontemagno",
    "username": "jamesmontemagno",
  },
  Object {
    "avatar": "https://avatars3.githubusercontent.com/u/22450188",
    "name": "atomiks",
    "repo": Object {
      "description": "Highly customizable tooltip and popover library",
      "name": "tippyjs",
      "url": "https://github.com/atomiks/tippyjs",
    },
    "type": "user",
    "url": "https://github.com/atomiks",
    "username": "atomiks",
  },
  Object {
    "avatar": "https://avatars0.githubusercontent.com/u/1101362",
    "name": "Steve Sanderson",
    "repo": Object {
      "description": "",
      "name": "BlazorElectronExperiment.Sample",
      "url": "https://github.com/SteveSandersonMS/BlazorElectronExperiment.Sample",
    },
    "type": "user",
    "url": "https://github.com/SteveSandersonMS",
    "username": "SteveSandersonMS",
  },
  Object {
    "avatar": "https://avatars1.githubusercontent.com/u/287584",
    "name": "Radek Simko",
    "repo": Object {
      "description": "Vagrant setup for Mac OS X",
      "name": "vagrant-osx",
      "url": "https://github.com/radeksimko/vagrant-osx",
    },
    "type": "user",
    "url": "https://github.com/radeksimko",
    "username": "radeksimko",
  },
  Object {
    "avatar": "https://avatars3.githubusercontent.com/u/1324225",
    "name": "Hugo van Kemenade",
    "repo": Object {
      "description": "50,000 Meows: Replace all words with meows, preserving punctuation. For NaNoGenMo 2014.",
      "name": "meow.py",
      "url": "https://github.com/hugovk/meow.py",
    },
    "type": "user",
    "url": "https://github.com/hugovk",
    "username": "hugovk",
  },
  Object {
    "avatar": "https://avatars2.githubusercontent.com/u/2247982",
    "name": "Adam Scarr",
    "repo": Object {
      "description": "Intelij IDEA plugin for displaying a code mini-map similar to the one found in Sublime",
      "name": "CodeGlance",
      "url": "https://github.com/vektah/CodeGlance",
    },
    "type": "user",
    "url": "https://github.com/vektah",
    "username": "vektah",
  },
  Object {
    "avatar": "https://avatars1.githubusercontent.com/u/5215395",
    "name": "Rimas Mocevicius",
    "repo": Object {
      "description": "Helm v2 Tiller plugin aka Tillerless Helm",
      "name": "helm-tiller",
      "url": "https://github.com/rimusz/helm-tiller",
    },
    "type": "user",
    "url": "https://github.com/rimusz",
    "username": "rimusz",
  },
  Object {
    "avatar": "https://avatars1.githubusercontent.com/u/290976",
    "name": "Vladimir Mihailenco",
    "repo": Object {
      "description": "msgpack.org[Go] MessagePack encoding for Golang",
      "name": "msgpack",
      "url": "https://github.com/vmihailenco/msgpack",
    },
    "type": "user",
    "url": "https://github.com/vmihailenco",
    "username": "vmihailenco",
  },
  Object {
    "avatar": "https://avatars0.githubusercontent.com/u/17530",
    "name": "Asim Aslam",
    "repo": Object {
      "description": "Deprecated: See examples/kubernetes",
      "name": "kubernetes",
      "url": "https://github.com/asim/kubernetes",
    },
    "type": "user",
    "url": "https://github.com/asim",
    "username": "asim",
  },
]
`;

exports[`fetchRepositories() should match snapshot 1`] = `
Array [
  Object {
    "author": "brunosimon",
    "avatar": "https://github.com/brunosimon.png",
    "builtBy": Array [
      Object {
        "avatar": "https://avatars0.githubusercontent.com/u/5439991",
        "href": "https://github.com/brunosimon",
        "username": "brunosimon",
      },
    ],
    "currentPeriodStars": 107,
    "description": "",
    "forks": 82,
    "language": "JavaScript",
    "languageColor": "#f1e05a",
    "name": "folio-2019",
    "stars": 744,
    "url": "https://github.com/brunosimon/folio-2019",
  },
  Object {
    "author": "neex",
    "avatar": "https://github.com/neex.png",
    "builtBy": Array [
      Object {
        "avatar": "https://avatars2.githubusercontent.com/u/684237",
        "href": "https://github.com/neex",
        "username": "neex",
      },
      Object {
        "avatar": "https://avatars1.githubusercontent.com/u/7763702",
        "href": "https://github.com/jeffguorg",
        "username": "jeffguorg",
      },
    ],
    "currentPeriodStars": 240,
    "description": "Exploit for CVE-2019-11043",
    "forks": 161,
    "language": "Go",
    "languageColor": "#00ADD8",
    "name": "phuip-fpizdam",
    "stars": 1155,
    "url": "https://github.com/neex/phuip-fpizdam",
  },
  Object {
    "author": "polynote",
    "avatar": "https://github.com/polynote.png",
    "builtBy": Array [
      Object {
        "avatar": "https://avatars3.githubusercontent.com/u/864869",
        "href": "https://github.com/jeremyrsmith",
        "username": "jeremyrsmith",
      },
      Object {
        "avatar": "https://avatars0.githubusercontent.com/u/5430417",
        "href": "https://github.com/jonathanindig",
        "username": "jonathanindig",
      },
      Object {
        "avatar": "https://avatars0.githubusercontent.com/u/54975892",
        "href": "https://github.com/indig",
        "username": "indig",
      },
      Object {
        "avatar": "https://avatars3.githubusercontent.com/u/1764610",
        "href": "https://github.com/diesalbla",
        "username": "diesalbla",
      },
      Object {
        "avatar": "https://avatars3.githubusercontent.com/u/1187242",
        "href": "https://github.com/JD557",
        "username": "JD557",
      },
    ],
    "currentPeriodStars": 268,
    "description": "A better notebook for Scala (and more)",
    "forks": 123,
    "language": "Scala",
    "languageColor": "#c22d40",
    "name": "polynote",
    "stars": 2011,
    "url": "https://github.com/polynote/polynote",
  },
  Object {
    "author": "muhammederdem",
    "avatar": "https://github.com/muhammederdem.png",
    "builtBy": Array [
      Object {
        "avatar": "https://avatars3.githubusercontent.com/u/34653781",
        "href": "https://github.com/muhammederdem",
        "username": "muhammederdem",
      },
      Object {
        "avatar": "https://avatars0.githubusercontent.com/u/2804393",
        "href": "https://github.com/huangcheng",
        "username": "huangcheng",
      },
    ],
    "currentPeriodStars": 493,
    "description": "Credit card form with smooth and sweet micro-interactions",
    "forks": 193,
    "language": "JavaScript",
    "languageColor": "#f1e05a",
    "name": "vue-interactive-paycard",
    "stars": 2301,
    "url": "https://github.com/muhammederdem/vue-interactive-paycard",
  },
  Object {
    "author": "microsoft",
    "avatar": "https://github.com/microsoft.png",
    "builtBy": Array [
      Object {
        "avatar": "https://avatars0.githubusercontent.com/u/3206696",
        "href": "https://github.com/enricogior",
        "username": "enricogior",
      },
      Object {
        "avatar": "https://avatars2.githubusercontent.com/u/17704638",
        "href": "https://github.com/bzoz",
        "username": "bzoz",
      },
      Object {
        "avatar": "https://avatars1.githubusercontent.com/u/18598712",
        "href": "https://github.com/indierawk2k2",
        "username": "indierawk2k2",
      },
      Object {
        "avatar": "https://avatars0.githubusercontent.com/u/6734176",
        "href": "https://github.com/chrdavis",
        "username": "chrdavis",
      },
      Object {
        "avatar": "https://avatars2.githubusercontent.com/u/40528297",
        "href": "https://github.com/TheMrJukes",
        "username": "TheMrJukes",
      },
    ],
    "currentPeriodStars": 38,
    "description": "Windows system utilities to maximize productivity",
    "forks": 476,
    "language": "C++",
    "languageColor": "#f34b7d",
    "name": "PowerToys",
    "stars": 11100,
    "url": "https://github.com/microsoft/PowerToys",
  },
  Object {
    "author": "shadowsocks",
    "avatar": "https://github.com/shadowsocks.png",
    "builtBy": Array [
      Object {
        "avatar": "https://avatars1.githubusercontent.com/u/3511321",
        "href": "https://github.com/Mygod",
        "username": "Mygod",
      },
      Object {
        "avatar": "https://avatars0.githubusercontent.com/u/627917",
        "href": "https://github.com/madeye",
        "username": "madeye",
      },
      Object {
        "avatar": "https://avatars1.githubusercontent.com/u/35081987",
        "href": "https://github.com/initrider",
        "username": "initrider",
      },
      Object {
        "avatar": "https://avatars3.githubusercontent.com/u/760097",
        "href": "https://github.com/CzBiX",
        "username": "CzBiX",
      },
      Object {
        "avatar": "https://avatars3.githubusercontent.com/u/5462232",
        "href": "https://github.com/wongsyrone",
        "username": "wongsyrone",
      },
    ],
    "currentPeriodStars": 45,
    "description": "A shadowsocks client for Android",
    "forks": 10370,
    "language": "Kotlin",
    "languageColor": "#F18E33",
    "name": "shadowsocks-android",
    "stars": 27164,
    "url": "https://github.com/shadowsocks/shadowsocks-android",
  },
  Object {
    "author": "google-research",
    "avatar": "https://github.com/google-research.png",
    "builtBy": Array [
      Object {
        "avatar": "https://avatars3.githubusercontent.com/u/8833761",
        "href": "https://github.com/dougalm",
        "username": "dougalm",
      },
      Object {
        "avatar": "https://avatars0.githubusercontent.com/u/233710",
        "href": "https://github.com/axch",
        "username": "axch",
      },
      Object {
        "avatar": "https://avatars0.githubusercontent.com/u/4583066",
        "href": "https://github.com/apaszke",
        "username": "apaszke",
      },
      Object {
        "avatar": "https://avatars0.githubusercontent.com/u/13261989",
        "href": "https://github.com/joaogui1",
        "username": "joaogui1",
      },
    ],
    "currentPeriodStars": 49,
    "description": "Research language for array processing in the Haskell/ML family",
    "forks": 7,
    "language": "Haskell",
    "languageColor": "#5e5086",
    "name": "dex-lang",
    "stars": 334,
    "url": "https://github.com/google-research/dex-lang",
  },
  Object {
    "author": "hyb1996",
    "avatar": "https://github.com/hyb1996.png",
    "builtBy": Array [
      Object {
        "avatar": "https://avatars0.githubusercontent.com/u/15543235",
        "href": "https://github.com/hyb1996",
        "username": "hyb1996",
      },
      Object {
        "avatar": "https://avatars3.githubusercontent.com/u/27800105",
        "href": "https://github.com/CarolSum",
        "username": "CarolSum",
      },
      Object {
        "avatar": "https://avatars0.githubusercontent.com/u/5875280",
        "href": "https://github.com/lulee007",
        "username": "lulee007",
      },
      Object {
        "avatar": "https://avatars3.githubusercontent.com/u/30231111",
        "href": "https://github.com/peergine-admin",
        "username": "peergine-admin",
      },
    ],
    "currentPeriodStars": 76,
    "description": "A UiAutomator on android, does not need root access(ÂÆâÂçìÂπ≥Âè∞‰∏äÁöÑJavaScriptËá™Âä®ÂåñÂ∑•ÂÖ∑)",
    "forks": 783,
    "language": "Java",
    "languageColor": "#b07219",
    "name": "Auto.js",
    "stars": 3844,
    "url": "https://github.com/hyb1996/Auto.js",
  },
  Object {
    "author": "ruanyf",
    "avatar": "https://github.com/ruanyf.png",
    "builtBy": Array [
      Object {
        "avatar": "https://avatars3.githubusercontent.com/u/905434",
        "href": "https://github.com/ruanyf",
        "username": "ruanyf",
      },
      Object {
        "avatar": "https://avatars3.githubusercontent.com/u/13059033",
        "href": "https://github.com/LooJee",
        "username": "LooJee",
      },
      Object {
        "avatar": "https://avatars1.githubusercontent.com/u/24637852",
        "href": "https://github.com/krynv",
        "username": "krynv",
      },
      Object {
        "avatar": "https://avatars0.githubusercontent.com/u/19170231",
        "href": "https://github.com/zaoqi",
        "username": "zaoqi",
      },
    ],
    "currentPeriodStars": 301,
    "description": "‰∫íËÅîÁΩë‰∏äÁöÑÂÖçË¥π‰π¶Á±ç",
    "forks": 1163,
    "name": "free-books",
    "stars": 7430,
    "url": "https://github.com/ruanyf/free-books",
  },
  Object {
    "author": "hsoft",
    "avatar": "https://github.com/hsoft.png",
    "builtBy": Array [
      Object {
        "avatar": "https://avatars2.githubusercontent.com/u/505201",
        "href": "https://github.com/hsoft",
        "username": "hsoft",
      },
      Object {
        "avatar": "https://avatars3.githubusercontent.com/u/27922598",
        "href": "https://github.com/Clanmaster21",
        "username": "Clanmaster21",
      },
      Object {
        "avatar": "https://avatars0.githubusercontent.com/u/297425",
        "href": "https://github.com/jes",
        "username": "jes",
      },
      Object {
        "avatar": "https://avatars2.githubusercontent.com/u/17913040",
        "href": "https://github.com/yur3i",
        "username": "yur3i",
      },
      Object {
        "avatar": "https://avatars2.githubusercontent.com/u/13317074",
        "href": "https://github.com/keithstellyes",
        "username": "keithstellyes",
      },
    ],
    "currentPeriodStars": 45,
    "description": "Bootstrap post-collapse technology",
    "forks": 172,
    "language": "Assembly",
    "languageColor": "#6E4C13",
    "name": "collapseos",
    "stars": 2906,
    "url": "https://github.com/hsoft/collapseos",
  },
  Object {
    "author": "spatie",
    "avatar": "https://github.com/spatie.png",
    "builtBy": Array [
      Object {
        "avatar": "https://avatars3.githubusercontent.com/u/483853",
        "href": "https://github.com/freekmurze",
        "username": "freekmurze",
      },
      Object {
        "avatar": "https://avatars0.githubusercontent.com/u/3626559",
        "href": "https://github.com/riasvdv",
        "username": "riasvdv",
      },
      Object {
        "avatar": "https://avatars3.githubusercontent.com/u/8272048",
        "href": "https://github.com/ahmedash95",
        "username": "ahmedash95",
      },
      Object {
        "avatar": "https://avatars2.githubusercontent.com/u/29042774",
        "href": "https://github.com/nathansegers",
        "username": "nathansegers",
      },
      Object {
        "avatar": "https://avatars0.githubusercontent.com/u/29300074",
        "href": "https://github.com/xamenyap",
        "username": "xamenyap",
      },
    ],
    "currentPeriodStars": 55,
    "description": "Read and write simple Excel and CSV files",
    "forks": 16,
    "language": "PHP",
    "languageColor": "#4F5D95",
    "name": "simple-excel",
    "stars": 213,
    "url": "https://github.com/spatie/simple-excel",
  },
  Object {
    "author": "pubkey",
    "avatar": "https://github.com/pubkey.png",
    "builtBy": Array [
      Object {
        "avatar": "https://avatars3.githubusercontent.com/u/8926560",
        "href": "https://github.com/pubkey",
        "username": "pubkey",
      },
      Object {
        "avatar": "https://avatars1.githubusercontent.com/u/25180681",
        "href": "https://github.com/renovate-bot",
        "username": "renovate-bot",
      },
      Object {
        "avatar": "https://avatars1.githubusercontent.com/u/12084165",
        "href": "https://github.com/salomonelli",
        "username": "salomonelli",
      },
      Object {
        "avatar": "https://avatars2.githubusercontent.com/u/107824",
        "href": "https://github.com/rdworth",
        "username": "rdworth",
      },
    ],
    "currentPeriodStars": 428,
    "description": "üíª üîÑ üì± A realtime Database for JavaScript Applications",
    "forks": 511,
    "language": "TypeScript",
    "languageColor": "#2b7489",
    "name": "rxdb",
    "stars": 11732,
    "url": "https://github.com/pubkey/rxdb",
  },
  Object {
    "author": "hoanhan101",
    "avatar": "https://github.com/hoanhan101.png",
    "builtBy": Array [
      Object {
        "avatar": "https://avatars1.githubusercontent.com/u/12986752",
        "href": "https://github.com/hoanhan101",
        "username": "hoanhan101",
      },
      Object {
        "avatar": "https://avatars2.githubusercontent.com/u/17130288",
        "href": "https://github.com/thomas-tacquet",
        "username": "thomas-tacquet",
      },
      Object {
        "avatar": "https://avatars0.githubusercontent.com/u/859656",
        "href": "https://github.com/danrl",
        "username": "danrl",
      },
      Object {
        "avatar": "https://avatars1.githubusercontent.com/u/181109",
        "href": "https://github.com/lonre",
        "username": "lonre",
      },
      Object {
        "avatar": "https://avatars1.githubusercontent.com/u/3947634",
        "href": "https://github.com/weak-head",
        "username": "weak-head",
      },
    ],
    "currentPeriodStars": 323,
    "description": "Ultimate Go study guide, with heavily documented code and programs analysis all in 1 place ‚Üí",
    "forks": 338,
    "language": "Go",
    "languageColor": "#00ADD8",
    "name": "ultimate-go",
    "stars": 5082,
    "url": "https://github.com/hoanhan101/ultimate-go",
  },
  Object {
    "author": "ytdl-org",
    "avatar": "https://github.com/ytdl-org.png",
    "builtBy": Array [
      Object {
        "avatar": "https://avatars0.githubusercontent.com/u/1908898",
        "href": "https://github.com/dstftw",
        "username": "dstftw",
      },
      Object {
        "avatar": "https://avatars2.githubusercontent.com/u/779568",
        "href": "https://github.com/phihag",
        "username": "phihag",
      },
      Object {
        "avatar": "https://avatars0.githubusercontent.com/u/1239727",
        "href": "https://github.com/jaimeMF",
        "username": "jaimeMF",
      },
      Object {
        "avatar": "https://avatars2.githubusercontent.com/u/10879694",
        "href": "https://github.com/remitamine",
        "username": "remitamine",
      },
      Object {
        "avatar": "https://avatars2.githubusercontent.com/u/1937689",
        "href": "https://github.com/yan12125",
        "username": "yan12125",
      },
    ],
    "currentPeriodStars": 99,
    "description": "Command-line program to download videos from YouTube.com and other video sites",
    "forks": 9931,
    "language": "Python",
    "languageColor": "#3572A5",
    "name": "youtube-dl",
    "stars": 57175,
    "url": "https://github.com/ytdl-org/youtube-dl",
  },
  Object {
    "author": "OlivierLaflamme",
    "avatar": "https://github.com/OlivierLaflamme.png",
    "builtBy": Array [
      Object {
        "avatar": "https://avatars2.githubusercontent.com/u/25066959",
        "href": "https://github.com/OlivierLaflamme",
        "username": "OlivierLaflamme",
      },
      Object {
        "avatar": "https://avatars0.githubusercontent.com/u/37347623",
        "href": "https://github.com/susmithaaa",
        "username": "susmithaaa",
      },
      Object {
        "avatar": "https://avatars2.githubusercontent.com/u/7660599",
        "href": "https://github.com/ummuhanilhan",
        "username": "ummuhanilhan",
      },
      Object {
        "avatar": "https://avatars1.githubusercontent.com/u/17498770",
        "href": "https://github.com/yhlong0",
        "username": "yhlong0",
      },
      Object {
        "avatar": "https://avatars3.githubusercontent.com/u/11188266",
        "href": "https://github.com/MrTsRex",
        "username": "MrTsRex",
      },
    ],
    "currentPeriodStars": 40,
    "description": "Penetration Testing Biggest Reference Bank - OSCP / PTP & PTX Cheatsheet",
    "forks": 500,
    "name": "Cheatsheet-God",
    "stars": 1599,
    "url": "https://github.com/OlivierLaflamme/Cheatsheet-God",
  },
  Object {
    "author": "Pierian-Data",
    "avatar": "https://github.com/Pierian-Data.png",
    "builtBy": Array [
      Object {
        "avatar": "https://avatars3.githubusercontent.com/u/28677216",
        "href": "https://github.com/TiVentures",
        "username": "TiVentures",
      },
      Object {
        "avatar": "https://avatars1.githubusercontent.com/u/16237870",
        "href": "https://github.com/Pierian-Data",
        "username": "Pierian-Data",
      },
      Object {
        "avatar": "https://avatars1.githubusercontent.com/u/3011275",
        "href": "https://github.com/sprutner",
        "username": "sprutner",
      },
    ],
    "currentPeriodStars": 78,
    "description": "Course Files for Complete Python 3 Bootcamp Course on Udemy",
    "forks": 23043,
    "language": "Jupyter Notebook",
    "languageColor": "#DA5B0B",
    "name": "Complete-Python-3-Bootcamp",
    "stars": 6286,
    "url": "https://github.com/Pierian-Data/Complete-Python-3-Bootcamp",
  },
  Object {
    "author": "starship",
    "avatar": "https://github.com/starship.png",
    "builtBy": Array [
      Object {
        "avatar": "https://avatars2.githubusercontent.com/u/4658208",
        "href": "https://github.com/matchai",
        "username": "matchai",
      },
      Object {
        "avatar": "https://avatars1.githubusercontent.com/u/4605384",
        "href": "https://github.com/chipbuster",
        "username": "chipbuster",
      },
      Object {
        "avatar": "https://avatars0.githubusercontent.com/u/25698503",
        "href": "https://github.com/heyrict",
        "username": "heyrict",
      },
    ],
    "currentPeriodStars": 73,
    "description": "‚òÑüååÔ∏è The cross-shell prompt for astronauts.",
    "forks": 150,
    "language": "Rust",
    "languageColor": "#dea584",
    "name": "starship",
    "stars": 3885,
    "url": "https://github.com/starship/starship",
  },
  Object {
    "author": "algorithm004-01",
    "avatar": "https://github.com/algorithm004-01.png",
    "builtBy": Array [
      Object {
        "avatar": "https://avatars2.githubusercontent.com/u/56539029",
        "href": "https://github.com/melody-li",
        "username": "melody-li",
      },
      Object {
        "avatar": "https://avatars1.githubusercontent.com/u/48476253",
        "href": "https://github.com/GeekUniversity",
        "username": "GeekUniversity",
      },
      Object {
        "avatar": "https://avatars0.githubusercontent.com/u/21060467",
        "href": "https://github.com/LearningChanging",
        "username": "LearningChanging",
      },
      Object {
        "avatar": "https://avatars3.githubusercontent.com/u/55610465",
        "href": "https://github.com/barryxt",
        "username": "barryxt",
      },
      Object {
        "avatar": "https://avatars0.githubusercontent.com/u/15008543",
        "href": "https://github.com/duyue6002",
        "username": "duyue6002",
      },
    ],
    "currentPeriodStars": 99,
    "description": "",
    "forks": 328,
    "language": "Java",
    "languageColor": "#b07219",
    "name": "algorithm004-01",
    "stars": 768,
    "url": "https://github.com/algorithm004-01/algorithm004-01",
  },
  Object {
    "author": "ardanlabs",
    "avatar": "https://github.com/ardanlabs.png",
    "builtBy": Array [
      Object {
        "avatar": "https://avatars0.githubusercontent.com/u/2280005",
        "href": "https://github.com/ardan-bkennedy",
        "username": "ardan-bkennedy",
      },
      Object {
        "avatar": "https://avatars1.githubusercontent.com/u/2027263",
        "href": "https://github.com/jcbwlkr",
        "username": "jcbwlkr",
      },
      Object {
        "avatar": "https://avatars2.githubusercontent.com/u/4524535",
        "href": "https://github.com/dwhitena",
        "username": "dwhitena",
      },
      Object {
        "avatar": "https://avatars3.githubusercontent.com/u/536740",
        "href": "https://github.com/extemporalgenome",
        "username": "extemporalgenome",
      },
      Object {
        "avatar": "https://avatars3.githubusercontent.com/u/3528",
        "href": "https://github.com/markbates",
        "username": "markbates",
      },
    ],
    "currentPeriodStars": 53,
    "description": "Go Training Class Material :",
    "forks": 1294,
    "language": "Go",
    "languageColor": "#00ADD8",
    "name": "gotraining",
    "stars": 6204,
    "url": "https://github.com/ardanlabs/gotraining",
  },
  Object {
    "author": "geekcomputers",
    "avatar": "https://github.com/geekcomputers.png",
    "builtBy": Array [
      Object {
        "avatar": "https://avatars3.githubusercontent.com/u/1170130",
        "href": "https://github.com/geekcomputers",
        "username": "geekcomputers",
      },
      Object {
        "avatar": "https://avatars2.githubusercontent.com/u/18247709",
        "href": "https://github.com/Mosrod",
        "username": "Mosrod",
      },
      Object {
        "avatar": "https://avatars0.githubusercontent.com/u/23243382",
        "href": "https://github.com/christianbender",
        "username": "christianbender",
      },
      Object {
        "avatar": "https://avatars0.githubusercontent.com/u/11265024",
        "href": "https://github.com/anuragkumarak95",
        "username": "anuragkumarak95",
      },
      Object {
        "avatar": "https://avatars3.githubusercontent.com/u/3709715",
        "href": "https://github.com/cclauss",
        "username": "cclauss",
      },
    ],
    "currentPeriodStars": 110,
    "description": "My Python Examples",
    "forks": 7489,
    "language": "Python",
    "languageColor": "#3572A5",
    "name": "Python",
    "stars": 14911,
    "url": "https://github.com/geekcomputers/Python",
  },
  Object {
    "author": "trekhleb",
    "avatar": "https://github.com/trekhleb.png",
    "builtBy": Array [
      Object {
        "avatar": "https://avatars0.githubusercontent.com/u/3000285",
        "href": "https://github.com/trekhleb",
        "username": "trekhleb",
      },
      Object {
        "avatar": "https://avatars0.githubusercontent.com/u/29200109",
        "href": "https://github.com/m-maksyutin",
        "username": "m-maksyutin",
      },
      Object {
        "avatar": "https://avatars0.githubusercontent.com/u/13618860",
        "href": "https://github.com/appleJax",
        "username": "appleJax",
      },
      Object {
        "avatar": "https://avatars1.githubusercontent.com/u/2787876",
        "href": "https://github.com/albertstill",
        "username": "albertstill",
      },
      Object {
        "avatar": "https://avatars3.githubusercontent.com/u/29892368",
        "href": "https://github.com/moshejs",
        "username": "moshejs",
      },
    ],
    "currentPeriodStars": 112,
    "description": "üìù Algorithms and data structures implemented in JavaScript with explanations and links to further readings",
    "forks": 8698,
    "language": "JavaScript",
    "languageColor": "#f1e05a",
    "name": "javascript-algorithms",
    "stars": 55556,
    "url": "https://github.com/trekhleb/javascript-algorithms",
  },
  Object {
    "author": "Genymobile",
    "avatar": "https://github.com/Genymobile.png",
    "builtBy": Array [
      Object {
        "avatar": "https://avatars1.githubusercontent.com/u/543275",
        "href": "https://github.com/rom1v",
        "username": "rom1v",
      },
      Object {
        "avatar": "https://avatars0.githubusercontent.com/u/5494432",
        "href": "https://github.com/npes87184",
        "username": "npes87184",
      },
      Object {
        "avatar": "https://avatars0.githubusercontent.com/u/1038539",
        "href": "https://github.com/schwabe",
        "username": "schwabe",
      },
      Object {
        "avatar": "https://avatars0.githubusercontent.com/u/13348378",
        "href": "https://github.com/msfjarvis",
        "username": "msfjarvis",
      },
      Object {
        "avatar": "https://avatars1.githubusercontent.com/u/7470459",
        "href": "https://github.com/CampbellOwen",
        "username": "CampbellOwen",
      },
    ],
    "currentPeriodStars": 167,
    "description": "Display and control your Android device",
    "forks": 1796,
    "language": "C",
    "languageColor": "#555555",
    "name": "scrcpy",
    "stars": 20613,
    "url": "https://github.com/Genymobile/scrcpy",
  },
  Object {
    "author": "bitcoin",
    "avatar": "https://github.com/bitcoin.png",
    "builtBy": Array [
      Object {
        "avatar": "https://avatars2.githubusercontent.com/u/126646",
        "href": "https://github.com/laanwj",
        "username": "laanwj",
      },
      Object {
        "avatar": "https://avatars0.githubusercontent.com/u/6399679",
        "href": "https://github.com/MarcoFalke",
        "username": "MarcoFalke",
      },
      Object {
        "avatar": "https://avatars0.githubusercontent.com/u/548488",
        "href": "https://github.com/sipa",
        "username": "sipa",
      },
      Object {
        "avatar": "https://avatars1.githubusercontent.com/u/331997",
        "href": "https://github.com/gavinandresen",
        "username": "gavinandresen",
      },
      Object {
        "avatar": "https://avatars0.githubusercontent.com/u/178464",
        "href": "https://github.com/jonasschnelli",
        "username": "jonasschnelli",
      },
    ],
    "currentPeriodStars": 72,
    "description": "Bitcoin Core integration/staging tree",
    "forks": 24426,
    "language": "C++",
    "languageColor": "#f34b7d",
    "name": "bitcoin",
    "stars": 40685,
    "url": "https://github.com/bitcoin/bitcoin",
  },
  Object {
    "author": "awesome-selfhosted",
    "avatar": "https://github.com/awesome-selfhosted.png",
    "builtBy": Array [
      Object {
        "avatar": "https://avatars1.githubusercontent.com/u/3950390",
        "href": "https://github.com/nodiscc",
        "username": "nodiscc",
      },
      Object {
        "avatar": "https://avatars2.githubusercontent.com/u/2252004",
        "href": "https://github.com/Kickball",
        "username": "Kickball",
      },
      Object {
        "avatar": "https://avatars2.githubusercontent.com/u/2222479",
        "href": "https://github.com/n8225",
        "username": "n8225",
      },
      Object {
        "avatar": "https://avatars0.githubusercontent.com/u/18677",
        "href": "https://github.com/meitar",
        "username": "meitar",
      },
      Object {
        "avatar": "https://avatars3.githubusercontent.com/u/2369441",
        "href": "https://github.com/cavebeat",
        "username": "cavebeat",
      },
    ],
    "currentPeriodStars": 177,
    "description": "This is a list of Free Software network services and web applications which can be hosted locally. Selfhosting is the process of locally hosting and managing applications instead of renting from SaaS providers.",
    "forks": 2971,
    "language": "JavaScript",
    "languageColor": "#f1e05a",
    "name": "awesome-selfhosted",
    "stars": 36894,
    "url": "https://github.com/awesome-selfhosted/awesome-selfhosted",
  },
  Object {
    "author": "haugene",
    "avatar": "https://github.com/haugene.png",
    "builtBy": Array [
      Object {
        "avatar": "https://avatars0.githubusercontent.com/u/1038094",
        "href": "https://github.com/haugene",
        "username": "haugene",
      },
      Object {
        "avatar": "https://avatars1.githubusercontent.com/u/1412033",
        "href": "https://github.com/e7d",
        "username": "e7d",
      },
      Object {
        "avatar": "https://avatars0.githubusercontent.com/u/24308140",
        "href": "https://github.com/jandrews377",
        "username": "jandrews377",
      },
      Object {
        "avatar": "https://avatars1.githubusercontent.com/u/22135005",
        "href": "https://github.com/eskemojoe007",
        "username": "eskemojoe007",
      },
      Object {
        "avatar": "https://avatars1.githubusercontent.com/u/5650363",
        "href": "https://github.com/shuaiscott",
        "username": "shuaiscott",
      },
    ],
    "currentPeriodStars": 9,
    "description": "Docker container running Transmission torrent client with WebUI over an OpenVPN tunnel",
    "forks": 545,
    "language": "Shell",
    "languageColor": "#89e051",
    "name": "docker-transmission-openvpn",
    "stars": 1437,
    "url": "https://github.com/haugene/docker-transmission-openvpn",
  },
]
`;
